#pragma once

#include <functional>
#include <QObject>

#include <test1>

class Preferences : public QObject {
Q_OBJECT

public:
	Preferences(QObject *parent = 0);
	void sync();
	void load();
	static Preferences* self();
};
